******************************************************************************
                  MSP430 Linker Unix v18.1.1                   
******************************************************************************
>> Linked Tue Dec 18 01:07:20 2018

OUTPUT FILE NAME:   <wiegand_03_2018.out>
ENTRY POINT SYMBOL: "_c_int00_noargs"  address: 0000c7d2


MEMORY CONFIGURATION

         name            origin    length      used     unused   attr    fill
----------------------  --------  ---------  --------  --------  ----  --------
  SFR                   00000000   00000010  00000000  00000010  RWIX
  PERIPHERALS_8BIT      00000010   000000f0  00000000  000000f0  RWIX
  PERIPHERALS_16BIT     00000100   00000100  00000000  00000100  RWIX
  RAM                   00000200   00000200  000000fc  00000104  RWIX
  INFOD                 00001000   00000040  00000000  00000040  RWIX
  INFOC                 00001040   00000040  00000000  00000040  RWIX
  INFOB                 00001080   00000040  00000000  00000040  RWIX
  INFOA                 000010c0   00000040  00000000  00000040  RWIX
  FLASH                 0000c000   00003fde  00000a04  000035da  RWIX
  BSLSIGNATURE          0000ffde   00000002  00000002  00000000  RWIX  ffff 
  INT00                 0000ffe0   00000002  00000002  00000000  RWIX
  INT01                 0000ffe2   00000002  00000000  00000002  RWIX
  INT02                 0000ffe4   00000002  00000002  00000000  RWIX
  INT03                 0000ffe6   00000002  00000002  00000000  RWIX
  INT04                 0000ffe8   00000002  00000000  00000002  RWIX
  INT05                 0000ffea   00000002  00000002  00000000  RWIX
  INT06                 0000ffec   00000002  00000002  00000000  RWIX
  INT07                 0000ffee   00000002  00000002  00000000  RWIX
  INT08                 0000fff0   00000002  00000002  00000000  RWIX
  INT09                 0000fff2   00000002  00000002  00000000  RWIX
  INT10                 0000fff4   00000002  00000002  00000000  RWIX
  INT11                 0000fff6   00000002  00000002  00000000  RWIX
  INT12                 0000fff8   00000002  00000002  00000000  RWIX
  INT13                 0000fffa   00000002  00000002  00000000  RWIX
  INT14                 0000fffc   00000002  00000002  00000000  RWIX
  RESET                 0000fffe   00000002  00000002  00000000  RWIX


SECTION ALLOCATION MAP

 output                                  attributes/
section   page    origin      length       input sections
--------  ----  ----------  ----------   ----------------
.data      0    00000200    00000086     UNINITIALIZED
                  00000200    00000024     fsmtable.obj (.data:S_ilde)
                  00000224    00000012     fsmtable.obj (.data:S_add_card)
                  00000236    00000012     fsmtable.obj (.data:S_closing_door)
                  00000248    00000012     fsmtable.obj (.data:S_delete_card)
                  0000025a    00000012     fsmtable.obj (.data:S_opening_door)
                  0000026c    00000008     iic.obj (.data:i2c_data)
                  00000274    00000005     led.obj (.data)
                  00000279    00000001     --HOLE--
                  0000027a    00000004     fsmtable.obj (.data)
                  0000027e    00000002     door.obj (.data)
                  00000280    00000002     iic.obj (.data)
                  00000282    00000002     main.obj (.data)
                  00000284    00000002     wiegand.obj (.data)

.bss       0    00000286    00000026     UNINITIALIZED
                  00000286    0000000c     wiegand.obj (.bss)
                  00000292    00000006     cqueue.obj (.bss)
                  00000298    00000005     led.obj (.bss)
                  0000029d    00000001     (.common:chusma1)
                  0000029e    00000004     cqueue.obj (.bss:buffer)
                  000002a2    00000004     timer.obj (.bss)
                  000002a6    00000001     (.common:chusma2)
                  000002a7    00000001     (.common:chusma3)
                  000002a8    00000001     (.common:chusma4)
                  000002a9    00000001     (.common:dathi)
                  000002aa    00000001     (.common:datlo)
                  000002ab    00000001     (.common:eve)

.stack     0    000003b0    00000050     UNINITIALIZED
                  000003b0    00000002     rts430_eabi.lib : boot.c.obj (.stack)
                  000003b2    0000004e     --HOLE--

.text      0    0000c000    0000099a     
                  0000c000    000000e6     iic.obj (.text:i2c_int)
                  0000c0e6    000000a6     main.obj (.text:main)
                  0000c18c    0000007c     rts430_eabi.lib : copy_decompress_lzss.c.obj (.text:decompress:lzss:__TI_decompress_lzss)
                  0000c208    00000068     wiegand.obj (.text:isr_wiegand)
                  0000c270    0000004c     rts430_eabi.lib : lsr16.asm.obj (.text)
                  0000c2bc    0000004a     fsmtable.obj (.text:add_card)
                  0000c306    00000042     rts430_eabi.lib : autoinit.c.obj (.text:__TI_auto_init_nobinit_nopinit:__TI_auto_init_nobinit_nopinit)
                  0000c348    00000042     fsmtable.obj (.text:erase_table)
                  0000c38a    00000040     fsmtable.obj (.text:ParseCard)
                  0000c3ca    0000003e     fsmtable.obj (.text:erase_card)
                  0000c408    0000003e     iic.obj (.text:i2c_trans)
                  0000c446    0000003c     led.obj (.text:isr_led)
                  0000c482    0000003a     fsmtable.obj (.text:search_card_table)
                  0000c4bc    00000038     fsmtable.obj (.text:EE_Read_Card)
                  0000c4f4    00000038     cqueue.obj (.text:PushQueue)
                  0000c52c    00000036     led.obj (.text:flash_led)
                  0000c562    00000030     EEprom.obj (.text:ReadEE)
                  0000c592    00000030     EEprom.obj (.text:WriteEE)
                  0000c5c2    0000002e     timer.obj (.text:isr_timer)
                  0000c5f0    0000002c     fsmtable.obj (.text:EE_Write_Card)
                  0000c61c    0000002c     iic.obj (.text:i2c_init)
                  0000c648    0000002c     rts430_eabi.lib : lsl16.asm.obj (.text)
                  0000c674    0000002a     iic.obj (.text:USCIAB0RX_ISR)
                  0000c69e    0000002a     door.obj (.text:trigger_door_to_close)
                  0000c6c8    00000026     main.obj (.text:ProcessEvents)
                  0000c6ee    00000026     wiegand.obj (.text:wiegand_get_card_number)
                  0000c714    00000024     fsm.obj (.text:fsm)
                  0000c738    00000022     led.obj (.text:init_led)
                  0000c75a    00000020     door.obj (.text:trigger_door_to_open)
                  0000c77a    0000001e     cqueue.obj (.text:PullQueue)
                  0000c798    0000001e     fsmtable.obj (.text:do_nothing1)
                  0000c7b6    0000001c     timer.obj (.text:TAOI_handler)
                  0000c7d2    0000001c     rts430_eabi.lib : boot.c.obj (.text:_c_int00_noargs)
                  0000c7ee    0000001a     iic.obj (.text:USCIAB0TX_ISR)
                  0000c808    00000016     fsmtable.obj (.text:blink_led)
                  0000c81e    00000016     iic.obj (.text:i2c_eint)
                  0000c834    00000016     door.obj (.text:init_door)
                  0000c84a    00000016     rts430_eabi.lib : div16u.asm.obj (.text)
                  0000c860    00000014     timer.obj (.text:Timer_Get_Status)
                  0000c874    00000014     rts430_eabi.lib : copy_zero_init.c.obj (.text:decompress:ZI:__TI_zero_init_nomemset:__TI_zero_init_nomemset)
                  0000c888    00000012     cqueue.obj (.text:QueueInit)
                  0000c89a    00000012     timer.obj (.text:Timer_Set_Delay)
                  0000c8ac    00000012     rts430_eabi.lib : copy_decompress_none.c.obj (.text:decompress:none:__TI_decompress_none)
                  0000c8be    00000012     timer.obj (.text:init_timer)
                  0000c8d0    00000012     door.obj (.text:isr_door)
                  0000c8e2    00000012     rts430_eabi.lib : memcpy.c.obj (.text:memcpy)
                  0000c8f4    00000010                     : epilog.asm.obj (.text)
                  0000c904    0000000e     wiegand.obj (.text:init_wiegand)
                  0000c912    0000000e     fsmtable.obj (.text:turn_leds_off)
                  0000c920    0000000c     wiegand.obj (.text:wiegand_get_status)
                  0000c92c    0000000a     door.obj (.text:Extend_open_delay)
                  0000c936    0000000a     led.obj (.text:led_off)
                  0000c940    0000000a     led.obj (.text:led_on)
                  0000c94a    0000000a     fsmtable.obj (.text:restore_card_reader)
                  0000c954    00000008     rts430_eabi.lib : isr_trap.asm.obj (.text:_isr:__TI_ISR_TRAP)
                  0000c95c    00000008     fsmtable.obj (.text:set_init_state)
                  0000c964    00000006     door.obj (.text:CloseDoor)
                  0000c96a    00000006     door.obj (.text:OpenDoor)
                  0000c970    00000006     cqueue.obj (.text:QueueStatus)
                  0000c976    00000006     rts430_eabi.lib : exit.c.obj (.text:abort)
                  0000c97c    00000006     wiegand.obj (.text:disable_card_reader)
                  0000c982    00000006     wiegand.obj (.text:enable_card_reader)
                  0000c988    00000006     fsmtable.obj (.text:get_state)
                  0000c98e    00000006     fsmtable.obj (.text:store_state)
                  0000c994    00000004     rts430_eabi.lib : pre_init.c.obj (.text:_system_pre_init)
                  0000c998    00000002                     : startup.c.obj (.text:_system_post_cinit)

.cinit     0    0000c99a    0000006a     
                  0000c99a    00000057     (.cinit..data.load) [load image, compression = lzss]
                  0000c9f1    00000001     --HOLE-- [fill = 0]
                  0000c9f2    00000006     (__TI_handler_table)
                  0000c9f8    00000004     (.cinit..bss.load) [load image, compression = zero_init]
                  0000c9fc    00000008     (__TI_cinit_table)

.binit     0    0000c000    00000000     

.init_array 
*          0    0000c000    00000000     UNINITIALIZED

TRAPINT    0    0000ffe0    00000002     
                  0000ffe0    00000002     rts430_eabi.lib : int00.asm.obj (.int00)

PORT1      0    0000ffe4    00000002     
                  0000ffe4    00000002     wiegand.obj (.int02)

PORT2      0    0000ffe6    00000002     
                  0000ffe6    00000002     rts430_eabi.lib : int03.asm.obj (.int03)

ADC10      0    0000ffea    00000002     
                  0000ffea    00000002     rts430_eabi.lib : int05.asm.obj (.int05)

USCIAB0TX 
*          0    0000ffec    00000002     
                  0000ffec    00000002     iic.obj (.int06)

USCIAB0RX 
*          0    0000ffee    00000002     
                  0000ffee    00000002     iic.obj (.int07)

TIMER0_A1 
*          0    0000fff0    00000002     
                  0000fff0    00000002     timer.obj (.int08)

TIMER0_A0 
*          0    0000fff2    00000002     
                  0000fff2    00000002     rts430_eabi.lib : int09.asm.obj (.int09)

WDT        0    0000fff4    00000002     
                  0000fff4    00000002     rts430_eabi.lib : int10.asm.obj (.int10)

COMPARATORA 
*          0    0000fff6    00000002     
                  0000fff6    00000002     rts430_eabi.lib : int11.asm.obj (.int11)

TIMER1_A1 
*          0    0000fff8    00000002     
                  0000fff8    00000002     rts430_eabi.lib : int12.asm.obj (.int12)

TIMER1_A0 
*          0    0000fffa    00000002     
                  0000fffa    00000002     rts430_eabi.lib : int13.asm.obj (.int13)

NMI        0    0000fffc    00000002     
                  0000fffc    00000002     rts430_eabi.lib : int14.asm.obj (.int14)

.reset     0    0000fffe    00000002     
                  0000fffe    00000002     rts430_eabi.lib : boot.c.obj (.reset)

$fill000   0    0000ffde    00000002     
                  0000ffde    00000002     --HOLE-- [fill = ffff]

MODULE SUMMARY

       Module                       code   ro data   rw data
       ------                       ----   -------   -------
    ./
       fsmtable.obj                 520    0         112    
       iic.obj                      426    4         10     
       main.obj                     204    0         9      
       wiegand.obj                  180    2         14     
       led.obj                      168    0         10     
       door.obj                     136    0         2      
       timer.obj                    130    2         4      
       cqueue.obj                   110    0         10     
       EEprom.obj                   96     0         0      
       fsm.obj                      36     0         0      
    +--+----------------------------+------+---------+---------+
       Total:                       2006   8         171    
                                                            
    /home/jacoby/ti/ccsv8/tools/compiler/ti-cgt-msp430_18.1.1.LTS/lib/rts430_eabi.lib
       copy_decompress_lzss.c.obj   124    0         0      
       lsr16.asm.obj                76     0         0      
       autoinit.c.obj               66     0         0      
       lsl16.asm.obj                44     0         0      
       boot.c.obj                   28     2         0      
       div16u.asm.obj               22     0         0      
       copy_zero_init.c.obj         20     0         0      
       copy_decompress_none.c.obj   18     0         0      
       memcpy.c.obj                 18     0         0      
       epilog.asm.obj               16     0         0      
       isr_trap.asm.obj             8      0         0      
       exit.c.obj                   6      0         0      
       pre_init.c.obj               4      0         0      
       int00.asm.obj                0      2         0      
       int03.asm.obj                0      2         0      
       int05.asm.obj                0      2         0      
       int09.asm.obj                0      2         0      
       int10.asm.obj                0      2         0      
       int11.asm.obj                0      2         0      
       int12.asm.obj                0      2         0      
       int13.asm.obj                0      2         0      
       int14.asm.obj                0      2         0      
       startup.c.obj                2      0         0      
    +--+----------------------------+------+---------+---------+
       Total:                       452    20        0      
                                                            
       Stack:                       0      0         80     
       Linker Generated:            0      105       0      
    +--+----------------------------+------+---------+---------+
       Grand Total:                 2458   133       251    


LINKER GENERATED COPY TABLES

__TI_cinit_table @ 0000c9fc records: 2, size/record: 4, table size: 8
	.data: load addr=0000c99a, load size=00000057 bytes, run addr=00000200, run size=00000086 bytes, compression=lzss
	.bss: load addr=0000c9f8, load size=00000004 bytes, run addr=00000286, run size=00000026 bytes, compression=zero_init


LINKER GENERATED HANDLER TABLE

__TI_handler_table @ 0000c9f2 records: 3, size/record: 2, table size: 6
	index: 0, handler: __TI_zero_init
	index: 1, handler: __TI_decompress_lzss
	index: 2, handler: __TI_decompress_none


GLOBAL SYMBOLS: SORTED ALPHABETICALLY BY Name 

address   name                          
-------   ----                          
0000004a  ADC10AE0                      
000001b0  ADC10CTL0                     
000001b2  ADC10CTL1                     
00000048  ADC10DTC0                     
00000049  ADC10DTC1                     
000001b4  ADC10MEM                      
000001bc  ADC10SA                       
00000057  BCSCTL1                       
00000058  BCSCTL2                       
00000053  BCSCTL3                       
0000c976  C$$EXIT                       
00000059  CACTL1                        
0000005a  CACTL2                        
000010fb  CALBC1_12MHZ                  
000010f9  CALBC1_16MHZ                  
000010ff  CALBC1_1MHZ                   
000010fd  CALBC1_8MHZ                   
000010fa  CALDCO_12MHZ                  
000010f8  CALDCO_16MHZ                  
000010fe  CALDCO_1MHZ                   
000010fc  CALDCO_8MHZ                   
0000005b  CAPD                          
0000c964  CloseDoor                     
00000056  DCOCTL                        
0000c4bc  EE_Read_Card                  
0000c5f0  EE_Write_Card                 
0000c92c  Extend_open_delay             
00000128  FCTL1                         
0000012a  FCTL2                         
0000012c  FCTL3                         
00000000  IE1                           
00000001  IE2                           
00000002  IFG1                          
00000003  IFG2                          
0000c96a  OpenDoor                      
00000022  P1DIR                         
00000025  P1IE                          
00000024  P1IES                         
00000023  P1IFG                         
00000020  P1IN                          
00000021  P1OUT                         
00000027  P1REN                         
00000026  P1SEL                         
00000041  P1SEL2                        
0000002a  P2DIR                         
0000002d  P2IE                          
0000002c  P2IES                         
0000002b  P2IFG                         
00000028  P2IN                          
00000029  P2OUT                         
0000002f  P2REN                         
0000002e  P2SEL                         
00000042  P2SEL2                        
0000001a  P3DIR                         
00000018  P3IN                          
00000019  P3OUT                         
00000010  P3REN                         
0000001b  P3SEL                         
00000043  P3SEL2                        
0000c38a  ParseCard                     
0000c6c8  ProcessEvents                 
0000c77a  PullQueue                     
0000c4f4  PushQueue                     
0000c888  QueueInit                     
0000c970  QueueStatus                   
0000c562  ReadEE                        
00000224  S_add_card                    
00000236  S_closing_door                
00000248  S_delete_card                 
00000200  S_ilde                        
0000025a  S_opening_door                
00000172  TA0CCR0                       
00000174  TA0CCR1                       
00000176  TA0CCR2                       
00000162  TA0CCTL0                      
00000164  TA0CCTL1                      
00000166  TA0CCTL2                      
00000160  TA0CTL                        
0000012e  TA0IV                         
00000170  TA0R                          
00000192  TA1CCR0                       
00000194  TA1CCR1                       
00000196  TA1CCR2                       
00000182  TA1CCTL0                      
00000184  TA1CCTL1                      
00000186  TA1CCTL2                      
00000180  TA1CTL                        
0000011e  TA1IV                         
00000190  TA1R                          
0000c7b6  TAOI_handler                  
000010db  TLV_ADC10_1_LEN               
000010da  TLV_ADC10_1_TAG               
000010c0  TLV_CHECKSUM                  
000010f7  TLV_DCO_30_LEN                
000010f6  TLV_DCO_30_TAG                
0000c860  Timer_Get_Status              
0000c89a  Timer_Set_Delay               
0000005d  UCA0ABCTL                     
00000062  UCA0BR0                       
00000063  UCA0BR1                       
00000060  UCA0CTL0                      
00000061  UCA0CTL1                      
0000005f  UCA0IRRCTL                    
0000005e  UCA0IRTCTL                    
00000064  UCA0MCTL                      
00000066  UCA0RXBUF                     
00000065  UCA0STAT                      
00000067  UCA0TXBUF                     
0000006a  UCB0BR0                       
0000006b  UCB0BR1                       
00000068  UCB0CTL0                      
00000069  UCB0CTL1                      
0000006c  UCB0I2CIE                     
00000118  UCB0I2COA                     
0000011a  UCB0I2CSA                     
0000006e  UCB0RXBUF                     
0000006d  UCB0STAT                      
0000006f  UCB0TXBUF                     
0000c674  USCIAB0RX_ISR                 
0000c7ee  USCIAB0TX_ISR                 
00000120  WDTCTL                        
0000c592  WriteEE                       
00000400  __STACK_END                   
00000050  __STACK_SIZE                  
0000c9fc  __TI_CINIT_Base               
0000ca04  __TI_CINIT_Limit              
0000c9f2  __TI_Handler_Table_Base       
0000c9f8  __TI_Handler_Table_Limit      
0000c954  __TI_ISR_TRAP                 
0000c306  __TI_auto_init_nobinit_nopinit
0000c18c  __TI_decompress_lzss          
0000c8ac  __TI_decompress_none          
0000ffe0  __TI_int00                    
0000ffe4  __TI_int02                    
0000ffe6  __TI_int03                    
0000ffea  __TI_int05                    
0000ffec  __TI_int06                    
0000ffee  __TI_int07                    
0000fff0  __TI_int08                    
0000fff2  __TI_int09                    
0000fff4  __TI_int10                    
0000fff6  __TI_int11                    
0000fff8  __TI_int12                    
0000fffa  __TI_int13                    
0000fffc  __TI_int14                    
ffffffff  __TI_pprof_out_hndl           
ffffffff  __TI_prof_data_size           
ffffffff  __TI_prof_data_start          
0000c874  __TI_zero_init_nomemset       
ffffffff  __c_args__                    
0000c84a  __mspabi_divu                 
0000c900  __mspabi_func_epilog_1        
0000c8fe  __mspabi_func_epilog_2        
0000c8fc  __mspabi_func_epilog_3        
0000c8fa  __mspabi_func_epilog_4        
0000c8f8  __mspabi_func_epilog_5        
0000c8f6  __mspabi_func_epilog_6        
0000c8f4  __mspabi_func_epilog_7        
0000c84a  __mspabi_remu                 
0000c648  __mspabi_slli                 
0000c670  __mspabi_slli_1               
0000c65e  __mspabi_slli_10              
0000c65c  __mspabi_slli_11              
0000c65a  __mspabi_slli_12              
0000c658  __mspabi_slli_13              
0000c656  __mspabi_slli_14              
0000c654  __mspabi_slli_15              
0000c66e  __mspabi_slli_2               
0000c66c  __mspabi_slli_3               
0000c66a  __mspabi_slli_4               
0000c668  __mspabi_slli_5               
0000c666  __mspabi_slli_6               
0000c664  __mspabi_slli_7               
0000c662  __mspabi_slli_8               
0000c660  __mspabi_slli_9               
0000c270  __mspabi_srli                 
0000c2b6  __mspabi_srli_1               
0000c292  __mspabi_srli_10              
0000c28e  __mspabi_srli_11              
0000c28a  __mspabi_srli_12              
0000c286  __mspabi_srli_13              
0000c282  __mspabi_srli_14              
0000c27e  __mspabi_srli_15              
0000c2b2  __mspabi_srli_2               
0000c2ae  __mspabi_srli_3               
0000c2aa  __mspabi_srli_4               
0000c2a6  __mspabi_srli_5               
0000c2a2  __mspabi_srli_6               
0000c29e  __mspabi_srli_7               
0000c29a  __mspabi_srli_8               
0000c296  __mspabi_srli_9               
0000c7d2  _c_int00_noargs               
0000fffe  _reset_vector                 
000003b0  _stack                        
0000c998  _system_post_cinit            
0000c994  _system_pre_init              
0000c976  abort                         
0000029d  chusma1                       
000002a6  chusma2                       
000002a7  chusma3                       
000002a8  chusma4                       
000002a9  dathi                         
000002aa  datlo                         
0000c97c  disable_card_reader           
0000c982  enable_card_reader            
000002ab  eve                           
0000c52c  flash_led                     
0000c714  fsm                           
0000c988  get_state                     
0000026c  i2c_data                      
0000c61c  i2c_init                      
0000c408  i2c_trans                     
0000c834  init_door                     
0000c738  init_led                      
0000c8be  init_timer                    
0000c904  init_wiegand                  
0000c8d0  isr_door                      
0000c446  isr_led                       
0000c5c2  isr_timer                     
0000c208  isr_wiegand                   
0000c936  led_off                       
0000c940  led_on                        
0000c0e6  main                          
0000c8e2  memcpy                        
00000281  mode                          
00000280  ready                         
0000c482  search_card_table             
0000c95c  set_init_state                
0000c98e  store_state                   
00000282  test16                        
0000c69e  trigger_door_to_close         
0000c75a  trigger_door_to_open          
0000c6ee  wiegand_get_card_number       
0000c920  wiegand_get_status            


GLOBAL SYMBOLS: SORTED BY Symbol Address 

address   name                          
-------   ----                          
00000000  IE1                           
00000001  IE2                           
00000002  IFG1                          
00000003  IFG2                          
00000010  P3REN                         
00000018  P3IN                          
00000019  P3OUT                         
0000001a  P3DIR                         
0000001b  P3SEL                         
00000020  P1IN                          
00000021  P1OUT                         
00000022  P1DIR                         
00000023  P1IFG                         
00000024  P1IES                         
00000025  P1IE                          
00000026  P1SEL                         
00000027  P1REN                         
00000028  P2IN                          
00000029  P2OUT                         
0000002a  P2DIR                         
0000002b  P2IFG                         
0000002c  P2IES                         
0000002d  P2IE                          
0000002e  P2SEL                         
0000002f  P2REN                         
00000041  P1SEL2                        
00000042  P2SEL2                        
00000043  P3SEL2                        
00000048  ADC10DTC0                     
00000049  ADC10DTC1                     
0000004a  ADC10AE0                      
00000050  __STACK_SIZE                  
00000053  BCSCTL3                       
00000056  DCOCTL                        
00000057  BCSCTL1                       
00000058  BCSCTL2                       
00000059  CACTL1                        
0000005a  CACTL2                        
0000005b  CAPD                          
0000005d  UCA0ABCTL                     
0000005e  UCA0IRTCTL                    
0000005f  UCA0IRRCTL                    
00000060  UCA0CTL0                      
00000061  UCA0CTL1                      
00000062  UCA0BR0                       
00000063  UCA0BR1                       
00000064  UCA0MCTL                      
00000065  UCA0STAT                      
00000066  UCA0RXBUF                     
00000067  UCA0TXBUF                     
00000068  UCB0CTL0                      
00000069  UCB0CTL1                      
0000006a  UCB0BR0                       
0000006b  UCB0BR1                       
0000006c  UCB0I2CIE                     
0000006d  UCB0STAT                      
0000006e  UCB0RXBUF                     
0000006f  UCB0TXBUF                     
00000118  UCB0I2COA                     
0000011a  UCB0I2CSA                     
0000011e  TA1IV                         
00000120  WDTCTL                        
00000128  FCTL1                         
0000012a  FCTL2                         
0000012c  FCTL3                         
0000012e  TA0IV                         
00000160  TA0CTL                        
00000162  TA0CCTL0                      
00000164  TA0CCTL1                      
00000166  TA0CCTL2                      
00000170  TA0R                          
00000172  TA0CCR0                       
00000174  TA0CCR1                       
00000176  TA0CCR2                       
00000180  TA1CTL                        
00000182  TA1CCTL0                      
00000184  TA1CCTL1                      
00000186  TA1CCTL2                      
00000190  TA1R                          
00000192  TA1CCR0                       
00000194  TA1CCR1                       
00000196  TA1CCR2                       
000001b0  ADC10CTL0                     
000001b2  ADC10CTL1                     
000001b4  ADC10MEM                      
000001bc  ADC10SA                       
00000200  S_ilde                        
00000224  S_add_card                    
00000236  S_closing_door                
00000248  S_delete_card                 
0000025a  S_opening_door                
0000026c  i2c_data                      
00000280  ready                         
00000281  mode                          
00000282  test16                        
0000029d  chusma1                       
000002a6  chusma2                       
000002a7  chusma3                       
000002a8  chusma4                       
000002a9  dathi                         
000002aa  datlo                         
000002ab  eve                           
000003b0  _stack                        
00000400  __STACK_END                   
000010c0  TLV_CHECKSUM                  
000010da  TLV_ADC10_1_TAG               
000010db  TLV_ADC10_1_LEN               
000010f6  TLV_DCO_30_TAG                
000010f7  TLV_DCO_30_LEN                
000010f8  CALDCO_16MHZ                  
000010f9  CALBC1_16MHZ                  
000010fa  CALDCO_12MHZ                  
000010fb  CALBC1_12MHZ                  
000010fc  CALDCO_8MHZ                   
000010fd  CALBC1_8MHZ                   
000010fe  CALDCO_1MHZ                   
000010ff  CALBC1_1MHZ                   
0000c0e6  main                          
0000c18c  __TI_decompress_lzss          
0000c208  isr_wiegand                   
0000c270  __mspabi_srli                 
0000c27e  __mspabi_srli_15              
0000c282  __mspabi_srli_14              
0000c286  __mspabi_srli_13              
0000c28a  __mspabi_srli_12              
0000c28e  __mspabi_srli_11              
0000c292  __mspabi_srli_10              
0000c296  __mspabi_srli_9               
0000c29a  __mspabi_srli_8               
0000c29e  __mspabi_srli_7               
0000c2a2  __mspabi_srli_6               
0000c2a6  __mspabi_srli_5               
0000c2aa  __mspabi_srli_4               
0000c2ae  __mspabi_srli_3               
0000c2b2  __mspabi_srli_2               
0000c2b6  __mspabi_srli_1               
0000c306  __TI_auto_init_nobinit_nopinit
0000c38a  ParseCard                     
0000c408  i2c_trans                     
0000c446  isr_led                       
0000c482  search_card_table             
0000c4bc  EE_Read_Card                  
0000c4f4  PushQueue                     
0000c52c  flash_led                     
0000c562  ReadEE                        
0000c592  WriteEE                       
0000c5c2  isr_timer                     
0000c5f0  EE_Write_Card                 
0000c61c  i2c_init                      
0000c648  __mspabi_slli                 
0000c654  __mspabi_slli_15              
0000c656  __mspabi_slli_14              
0000c658  __mspabi_slli_13              
0000c65a  __mspabi_slli_12              
0000c65c  __mspabi_slli_11              
0000c65e  __mspabi_slli_10              
0000c660  __mspabi_slli_9               
0000c662  __mspabi_slli_8               
0000c664  __mspabi_slli_7               
0000c666  __mspabi_slli_6               
0000c668  __mspabi_slli_5               
0000c66a  __mspabi_slli_4               
0000c66c  __mspabi_slli_3               
0000c66e  __mspabi_slli_2               
0000c670  __mspabi_slli_1               
0000c674  USCIAB0RX_ISR                 
0000c69e  trigger_door_to_close         
0000c6c8  ProcessEvents                 
0000c6ee  wiegand_get_card_number       
0000c714  fsm                           
0000c738  init_led                      
0000c75a  trigger_door_to_open          
0000c77a  PullQueue                     
0000c7b6  TAOI_handler                  
0000c7d2  _c_int00_noargs               
0000c7ee  USCIAB0TX_ISR                 
0000c834  init_door                     
0000c84a  __mspabi_divu                 
0000c84a  __mspabi_remu                 
0000c860  Timer_Get_Status              
0000c874  __TI_zero_init_nomemset       
0000c888  QueueInit                     
0000c89a  Timer_Set_Delay               
0000c8ac  __TI_decompress_none          
0000c8be  init_timer                    
0000c8d0  isr_door                      
0000c8e2  memcpy                        
0000c8f4  __mspabi_func_epilog_7        
0000c8f6  __mspabi_func_epilog_6        
0000c8f8  __mspabi_func_epilog_5        
0000c8fa  __mspabi_func_epilog_4        
0000c8fc  __mspabi_func_epilog_3        
0000c8fe  __mspabi_func_epilog_2        
0000c900  __mspabi_func_epilog_1        
0000c904  init_wiegand                  
0000c920  wiegand_get_status            
0000c92c  Extend_open_delay             
0000c936  led_off                       
0000c940  led_on                        
0000c954  __TI_ISR_TRAP                 
0000c95c  set_init_state                
0000c964  CloseDoor                     
0000c96a  OpenDoor                      
0000c970  QueueStatus                   
0000c976  C$$EXIT                       
0000c976  abort                         
0000c97c  disable_card_reader           
0000c982  enable_card_reader            
0000c988  get_state                     
0000c98e  store_state                   
0000c994  _system_pre_init              
0000c998  _system_post_cinit            
0000c9f2  __TI_Handler_Table_Base       
0000c9f8  __TI_Handler_Table_Limit      
0000c9fc  __TI_CINIT_Base               
0000ca04  __TI_CINIT_Limit              
0000ffe0  __TI_int00                    
0000ffe4  __TI_int02                    
0000ffe6  __TI_int03                    
0000ffea  __TI_int05                    
0000ffec  __TI_int06                    
0000ffee  __TI_int07                    
0000fff0  __TI_int08                    
0000fff2  __TI_int09                    
0000fff4  __TI_int10                    
0000fff6  __TI_int11                    
0000fff8  __TI_int12                    
0000fffa  __TI_int13                    
0000fffc  __TI_int14                    
0000fffe  _reset_vector                 
ffffffff  __TI_pprof_out_hndl           
ffffffff  __TI_prof_data_size           
ffffffff  __TI_prof_data_start          
ffffffff  __c_args__                    

[234 symbols]
